[web.archive.org/web/20221126122619/https_/www.funintec.org.ar/el-futuro-en-un-presente-alterado/index.html]
[archive.org/includes/athena.js]
[web-static.archive.org/_static/js/bundle-playbackffba.js]
[web-static.archive.org/_static/js/wombat9b8c.js]
[web-static.archive.org/_static/js/ruffle/ruffle.js]
[web-static.archive.org/_static/css/banner-styles074f.css]
[backblue.gif]
[fade.gif]
[index.html]
[web-static.archive.org/_static/css/iconochive29a7.css]
[web.archive.org/web/20221126122619cs_/https_/www.funintec.org.ar/_dev/wp-content/cache/min/1/_dev/wp-content/plugins/contact-form-7/includes/css/styles006b.css]
[web.archive.org/web/20221126122619cs_/https_/www.funintec.org.ar/_dev/wp-content/cache/min/1/_dev/wp-content/plugins/essential-grid/public/assets/css/settings043b.css]
[web.archive.org/web/20221126122619cs_/https_/www.funintec.org.ar/_dev/wp-content/cache/min/1/_dev/wp-content/plugins/essential-grid/public/assets/font/fontello/css/fontello043b.css]
[web.archive.org/web/20221101223234im_/https_/www.funintec.org.ar/_dev/wp-content/themes/Divi/includes/builder/styles/images/preloader.gif]
[web.archive.org/web/20221126122619/https_/www.funintec.org.ar/_dev/wp-content/cache/min/1/_dev/wp-content/et-cache/5586/et-divi-dynamic-tb-6473-5586b27b.css]
[web.archive.org/web/20221126122619cs_/https_/www.funintec.org.ar/_dev/wp-content/cache/min/1/_dev/wp-content/themes/Divi-Space-Child/style043b.css]
[web.archive.org/web/20221101224548im_/https_/www.funintec.org.ar/_dev/wp-content/uploads/favicon.png]
[web.archive.org/web/20221126122619cs_/https_/www.funintec.org.ar/_dev/wp-content/et-cache/global/et-divi-customizer-global.minf990.css]
[web-static.archive.org/_static/images/toolbar/wayback-toolbar-logo-200.png]
[web-static.archive.org/_static/images/loading.gif]
[web.archive.org/web/20240329230725im_/https_/www.funintec.org.ar/_dev/wp-content/uploads/yujnovsky_1.png]
[web.archive.org/web/20221101155811im_/https_/www.funintec.org.ar/_dev/wp-content/uploads/romero_1.png]
[web.archive.org/web/20221101232141im_/https_/www.funintec.org.ar/_dev/wp-content/uploads/catoggio_1.png]
[web.archive.org/web/20221027183138im_/https_/www.funintec.org.ar/_dev/wp-content/uploads/kozel_1.png]
[web.archive.org/web/20221101084727im_/https_/www.funintec.org.ar/_dev/wp-content/uploads/martinez_1.png]
[web.archive.org/web/20221027183138im_/https_/www.funintec.org.ar/_dev/wp-content/uploads/bergel_1.jpg]
[web.archive.org/web/20221108150043im_/https_/www.funintec.org.ar/_dev/wp-content/uploads/iturrieta_1.png]
[web.archive.org/web/20221101204759im_/https_/www.funintec.org.ar/_dev/wp-content/uploads/girardi_1.jpg]
[web.archive.org/web/20221101105526im_/https_/www.funintec.org.ar/_dev/wp-content/uploads/tennina_1.jpg]
[web.archive.org/web/20221104091335im_/https_/www.funintec.org.ar/_dev/wp-content/uploads/stefanoni_1.jpg]
[web.archive.org/web/20221028123542im_/https_/www.funintec.org.ar/_dev/wp-content/uploads/Calderon.png]
[web.archive.org/web/20221126122619im_/https_/www.funintec.org.ar/_dev/wp-content/uploads/Grimson.png]
[web.archive.org/web/20221101083329im_/https_/www.funintec.org.ar/_dev/wp-content/uploads/Grimson-sobre-Santoro.jpg]
[web.archive.org/web/20221101125858im_/https_/www.funintec.org.ar/_dev/wp-content/uploads/Delta.jpg]
[web.archive.org/web/20221102000243im_/https_/www.funintec.org.ar/_dev/wp-content/uploads/arte.jpg]
[web.archive.org/web/20221103184113im_/https_/www.funintec.org.ar/_dev/wp-content/uploads/asua-kandus.jpg]
[web.archive.org/web/20221126122619js_/https_/www.funintec.org.ar/_dev/wp-content/cache/min/1/_dev/wp-content/plugins/contact-form-7/includes/swv/js/index006b.js]
[web.archive.org/web/20221126122619js_/https_/www.funintec.org.ar/_dev/wp-content/cache/min/1/_dev/wp-content/plugins/contact-form-7/includes/js/index006b.js]
[web.archive.org/web/20230128095041js_/https_/www.funintec.org.ar/_dev/wp-includes/js/jquery/jquery.mina7a0.js]
[web.archive.org/web/20221027193147js_/https_/www.funintec.org.ar/_dev/wp-includes/js/jquery/jquery-migrate.mind617.js]
[web.archive.org/web/20230128104627js_/https_/www.funintec.org.ar/_dev/wp-includes/js/jquery/ui/effect.min3f14.js]
[web.archive.org/web/20221126122619js_/https_/www.funintec.org.ar/_dev/wp-content/themes/Divi/js/scripts.min0349.js]
[web.archive.org/web/20221126122619js_/https_/www.funintec.org.ar/_dev/wp-content/cache/min/1/_dev/wp-content/themes/Divi/js/smoothscroll043b.js]
[web.archive.org/web/20221126122619js_/https_/www.funintec.org.ar/_dev/wp-content/cache/min/1/_dev/wp-content/themes/Divi/includes/builder/feature/dynamic-assets/assets/js/jquery.fitvids043b.js]
[web.archive.org/web/20221126122619js_/https_/www.funintec.org.ar/_dev/wp-content/cache/min/1/_dev/wp-content/themes/Divi/core/admin/js/common043b.js]
[web.archive.org/web/20221103184113js_/https_/www.funintec.org.ar/_dev/wp-content/plugins/essential-grid/public/assets/js/rbtools.min097f.js]
[web.archive.org/web/20221101084731js_/https_/www.funintec.org.ar/_dev/wp-content/plugins/essential-grid/public/assets/js/esg.min952b.js]
[web.archive.org/web/20250115175011im_/https_/www.funintec.org.ar/_dev/wp-content/uploads/el-futuro-en-un-presente-alterado-colores-futuros-celeste-y-blanco.png]
[web.archive.org/web/20221027190751im_/https_/www.funintec.org.ar/_dev/wp-content/uploads/futuros-alterados-trama.png]
[web.archive.org/web/20221126122619/https_/www.funintec.org.ar/el-futuro-en-un-presente-alterado/index.html]
[athena.archive.org/0.gif]
[archive.org/includes/athena.js]
[web-static.archive.org/_static/css/banner-styles074f.css]
[web-static.archive.org/_static/css/iconochive29a7.css]
[web.archive.org/web/20221126122619cs_/https_/www.funintec.org.ar/_dev/wp-content/cache/min/1/_dev/wp-content/plugins/contact-form-7/includes/css/styles006b.html]
[web.archive.org/web/20221126122619cs_/https_/www.funintec.org.ar/_dev/wp-content/cache/min/1/_dev/wp-content/plugins/essential-grid/public/assets/css/settings043b.html]
[web.archive.org/web/20221126122619cs_/https_/www.funintec.org.ar/_dev/wp-content/cache/min/1/_dev/wp-content/plugins/essential-grid/public/assets/font/fontello/css/fontello043b.html]
[web.archive.org/web/20221126122619/https_/www.funintec.org.ar/_dev/wp-content/cache/min/1/_dev/wp-content/et-cache/5586/et-divi-dynamic-tb-6473-5586b27b.html]
[web.archive.org/web/20221126122619cs_/https_/www.funintec.org.ar/_dev/wp-content/cache/min/1/_dev/wp-content/themes/Divi-Space-Child/style043b.html]
[web.archive.org/web/20221126122619cs_/https_/www.funintec.org.ar/_dev/wp-content/et-cache/global/et-divi-customizer-global.minf990.html]
[web.archive.org/web/20221126122619im_/https_/www.funintec.org.ar/_dev/wp-content/uploads/Grimson.html]
[web.archive.org/web/20221126122619js_/https_/www.funintec.org.ar/_dev/wp-content/cache/min/1/_dev/wp-content/plugins/contact-form-7/includes/swv/js/index006b.html]
[web.archive.org/web/20221126122619js_/https_/www.funintec.org.ar/_dev/wp-content/cache/min/1/_dev/wp-content/plugins/contact-form-7/includes/js/index006b.html]
[web.archive.org/web/20221126122619js_/https_/www.funintec.org.ar/_dev/wp-content/themes/Divi/js/scripts.min0349.html]
[web.archive.org/web/20221126122619js_/https_/www.funintec.org.ar/_dev/wp-content/cache/min/1/_dev/wp-content/themes/Divi/js/smoothscroll043b.html]
[web.archive.org/web/20221126122619js_/https_/www.funintec.org.ar/_dev/wp-content/cache/min/1/_dev/wp-content/themes/Divi/includes/builder/feature/dynamic-assets/assets/js/jquery.fitvids043b.html]
[web.archive.org/web/20221126122619js_/https_/www.funintec.org.ar/_dev/wp-content/cache/min/1/_dev/wp-content/themes/Divi/core/admin/js/common043b.html]
