[web.archive.org/web/20221209233956/https_/www.funintec.org.ar/futuros-agua/index.html]
[archive.org/includes/athena.js]
[web-static.archive.org/_static/js/bundle-playbackffba.js]
[web-static.archive.org/_static/js/wombat9b8c.js]
[web-static.archive.org/_static/js/ruffle/ruffle.js]
[web-static.archive.org/_static/css/banner-styles074f.css]
[backblue.gif]
[fade.gif]
[index.html]
[web-static.archive.org/_static/css/iconochive29a7.css]
[web.archive.org/web/20221209233956cs_/https_/www.funintec.org.ar/_dev/wp-content/cache/min/1/_dev/wp-content/plugins/contact-form-7/includes/css/styles006b.css]
[web.archive.org/web/20221209233956cs_/https_/www.funintec.org.ar/_dev/wp-content/cache/min/1/_dev/wp-content/plugins/widgetkit/assets/css/sitec1d9.css]
[web.archive.org/web/20221101223234im_/https_/www.funintec.org.ar/_dev/wp-content/themes/Divi/includes/builder/styles/images/preloader.gif]
[web.archive.org/web/20221209233956/https_/www.funintec.org.ar/_dev/wp-content/cache/min/1/_dev/wp-content/et-cache/1566/et-divi-dynamic-tb-6473-1566-latec1d9.css]
[web.archive.org/web/20221209233956/https_/www.funintec.org.ar/_dev/wp-content/cache/min/1/_dev/wp-content/et-cache/1566/et-divi-dynamic-tb-6473-1566c1d9.css]
[web.archive.org/web/20221209233956cs_/https_/www.funintec.org.ar/_dev/wp-content/cache/min/1/_dev/wp-content/themes/Divi-Space-Child/style043b.css]
[web.archive.org/web/20221209233956js_/https_/www.funintec.org.ar/_dev/wp-content/plugins/widgetkit/assets/lib/uikit/dist/js/uikit.mind8c8.js]
[web.archive.org/web/20221209233956js_/https_/www.funintec.org.ar/_dev/wp-content/plugins/widgetkit/assets/lib/uikit/dist/js/uikit-icons.mind8c8.js]
[web.archive.org/web/20221101224548im_/https_/www.funintec.org.ar/_dev/wp-content/uploads/favicon.png]
[web.archive.org/web/20221209233956cs_/https_/www.funintec.org.ar/_dev/wp-content/et-cache/global/et-divi-customizer-global.min6bc1.css]
[web-static.archive.org/_static/images/toolbar/wayback-toolbar-logo-200.png]
[web-static.archive.org/_static/images/loading.gif]
[web.archive.org/web/20220317200724im_/https_/www.funintec.org.ar/_dev/wp-content/uploads/AnimacHome.gif]
[web.archive.org/web/20221101083937im_/https_/www.funintec.org.ar/_dev/wp-content/uploads/cabefuturosvid.jpg]
[web.archive.org/web/20200619010739im_/https_/www.funintec.org.ar/_dev/wp-content/uploads/logos-escuela-02.png]
[web.archive.org/web/20200623230415im_/https_/www.funintec.org.ar/_dev/wp-content/uploads/logos-escuela-08.png]
[web.archive.org/web/20200608222303im_/https_/www.funintec.org.ar/_dev/wp-content/uploads/logos-escuela-04.png]
[web.archive.org/web/20200613050937im_/https_/www.funintec.org.ar/_dev/wp-content/uploads/logos-escuela-06.png]
[web.archive.org/web/20200603052855im_/https_/www.funintec.org.ar/_dev/wp-content/uploads/logos-escuela-03.png]
[web.archive.org/web/20200602110340im_/https_/www.funintec.org.ar/_dev/wp-content/uploads/logos-escuela-01.png]
[web.archive.org/web/20200622122649im_/https_/www.funintec.org.ar/_dev/wp-content/uploads/logos-escuela-05.png]
[web.archive.org/web/20200617190323im_/https_/www.funintec.org.ar/_dev/wp-content/uploads/logos-escuela-07.png]
[web.archive.org/web/20221209233956js_/https_/www.funintec.org.ar/_dev/wp-content/cache/min/1/_dev/wp-content/plugins/contact-form-7/includes/swv/js/index006b.js]
[web.archive.org/web/20221209233956js_/https_/www.funintec.org.ar/_dev/wp-content/cache/min/1/_dev/wp-content/plugins/contact-form-7/includes/js/index006b.js]
[web.archive.org/web/20230128095041js_/https_/www.funintec.org.ar/_dev/wp-includes/js/jquery/jquery.mina7a0.js]
[web.archive.org/web/20221027193147js_/https_/www.funintec.org.ar/_dev/wp-includes/js/jquery/jquery-migrate.mind617.js]
[web.archive.org/web/20230128104627js_/https_/www.funintec.org.ar/_dev/wp-includes/js/jquery/ui/effect.min3f14.js]
[web.archive.org/web/20221209233956js_/https_/www.funintec.org.ar/_dev/wp-content/themes/Divi/js/scripts.mind166.js]
[web.archive.org/web/20221209233956js_/https_/www.funintec.org.ar/_dev/wp-content/cache/min/1/_dev/wp-content/themes/Divi/js/smoothscroll043b.js]
[web.archive.org/web/20221209233956js_/https_/www.funintec.org.ar/_dev/wp-content/cache/min/1/_dev/wp-content/themes/Divi/includes/builder/feature/dynamic-assets/assets/js/jquery.fitvids043b.js]
[web.archive.org/web/20221209233956js_/https_/www.funintec.org.ar/_dev/wp-content/cache/min/1/_dev/wp-content/themes/Divi/includes/builder/feature/dynamic-assets/assets/js/jquery.mobile95c2.js]
[web.archive.org/web/20221209233956js_/https_/www.funintec.org.ar/_dev/wp-content/cache/min/1/_dev/wp-content/themes/Divi/core/admin/js/common043b.js]
[web.archive.org/web/20221209233956js_/https_/www.funintec.org.ar/_dev/wp-content/cache/min/1/_dev/wp-content/plugins/widgetkit/assets/js/mapsc1d9.js]
[web.archive.org/web/20221027190751im_/https_/www.funintec.org.ar/_dev/wp-content/uploads/futuros-alterados-trama.png]
[web.archive.org/web/20221209233956/https_/www.funintec.org.ar/futuros-agua/index.html]
[athena.archive.org/0.gif]
[archive.org/includes/athena.js]
[web-static.archive.org/_static/css/banner-styles074f.css]
[web-static.archive.org/_static/css/iconochive29a7.css]
[web.archive.org/web/20221209233956cs_/https_/www.funintec.org.ar/_dev/wp-content/cache/min/1/_dev/wp-content/plugins/contact-form-7/includes/css/styles006b.html]
[web.archive.org/web/20221209233956cs_/https_/www.funintec.org.ar/_dev/wp-content/cache/min/1/_dev/wp-content/plugins/widgetkit/assets/css/sitec1d9.html]
[web.archive.org/web/20221209233956/https_/www.funintec.org.ar/_dev/wp-content/cache/min/1/_dev/wp-content/et-cache/1566/et-divi-dynamic-tb-6473-1566-latec1d9.html]
[web.archive.org/web/20221209233956/https_/www.funintec.org.ar/_dev/wp-content/cache/min/1/_dev/wp-content/et-cache/1566/et-divi-dynamic-tb-6473-1566c1d9.html]
[web.archive.org/web/20221209233956cs_/https_/www.funintec.org.ar/_dev/wp-content/cache/min/1/_dev/wp-content/themes/Divi-Space-Child/style043b.html]
[web.archive.org/web/20221209233956js_/https_/www.funintec.org.ar/_dev/wp-content/plugins/widgetkit/assets/lib/uikit/dist/js/uikit.mind8c8.html]
[web.archive.org/web/20221209233956js_/https_/www.funintec.org.ar/_dev/wp-content/plugins/widgetkit/assets/lib/uikit/dist/js/uikit-icons.mind8c8.html]
[web.archive.org/web/20221209233956cs_/https_/www.funintec.org.ar/_dev/wp-content/et-cache/global/et-divi-customizer-global.min6bc1.html]
[web.archive.org/web/20221209233956js_/https_/www.funintec.org.ar/_dev/wp-content/cache/min/1/_dev/wp-content/plugins/contact-form-7/includes/swv/js/index006b.html]
[web.archive.org/web/20221209233956js_/https_/www.funintec.org.ar/_dev/wp-content/cache/min/1/_dev/wp-content/plugins/contact-form-7/includes/js/index006b.html]
[web.archive.org/web/20221209233956js_/https_/www.funintec.org.ar/_dev/wp-content/themes/Divi/js/scripts.mind166.html]
[web.archive.org/web/20221209233956js_/https_/www.funintec.org.ar/_dev/wp-content/cache/min/1/_dev/wp-content/themes/Divi/js/smoothscroll043b.html]
[web.archive.org/web/20221209233956js_/https_/www.funintec.org.ar/_dev/wp-content/cache/min/1/_dev/wp-content/themes/Divi/includes/builder/feature/dynamic-assets/assets/js/jquery.fitvids043b.html]
[web.archive.org/web/20221209233956js_/https_/www.funintec.org.ar/_dev/wp-content/cache/min/1/_dev/wp-content/themes/Divi/includes/builder/feature/dynamic-assets/assets/js/jquery.mobile95c2.html]
[web.archive.org/web/20221209233956js_/https_/www.funintec.org.ar/_dev/wp-content/cache/min/1/_dev/wp-content/themes/Divi/core/admin/js/common043b.html]
[web.archive.org/web/20221209233956js_/https_/www.funintec.org.ar/_dev/wp-content/cache/min/1/_dev/wp-content/plugins/widgetkit/assets/js/mapsc1d9.html]
