[web.archive.org/web/20240723040931/https_/www.funintec.org.ar/programa-futuros/index.html]
[archive.org/includes/athena.js]
[web-static.archive.org/_static/js/bundle-playbackffba.js]
[web-static.archive.org/_static/js/wombat9b8c.js]
[web-static.archive.org/_static/js/ruffle/ruffle.js]
[web-static.archive.org/_static/css/banner-styles074f.css]
[backblue.gif]
[fade.gif]
[index.html]
[web-static.archive.org/_static/css/iconochive29a7.css]
[web.archive.org/web/20240723090844cs_/https_/www.funintec.org.ar/_dev/wp-content/plugins/contact-form-7/includes/css/styles1014.css]
[web.archive.org/web/20240702210707cs_/https_/www.funintec.org.ar/_dev/wp-content/plugins/public/assets/css/settingsb12b.css]
[web.archive.org/web/20240329230841cs_/http_/www.funintec.org.ar/_dev/wp-content/plugins/public/assets/font/fontello/css/fontellob12b.css]
[web.archive.org/web/20240329230806cs_/https_/www.funintec.org.ar/_dev/wp-content/plugins/novashare/css/style.min5f04.css]
[web.archive.org/web/20240314170406im_/https_/www.funintec.org.ar/_dev/wp-content/themes/Divi/includes/builder/styles/images/preloader.gif]
[web.archive.org/web/20240723040931/https_/www.funintec.org.ar/_dev/wp-content/et-cache/440/et-divi-dynamic-tb-6473-440-late3862.css]
[web.archive.org/web/20240723040931/https_/www.funintec.org.ar/_dev/wp-content/et-cache/440/et-divi-dynamic-tb-6473-4403862.css]
[web.archive.org/web/20240723193659cs_/https_/www.funintec.org.ar/_dev/wp-content/themes/Divi-Space-Child/styleef2c.css]
[web.archive.org/web/20240803054114im_/https_/www.funintec.org.ar/_dev/wp-content/uploads/favicon.png]
[web.archive.org/web/20240723053954cs_/https_/www.funintec.org.ar/_dev/wp-content/et-cache/global/et-divi-customizer-global.min743a.css]
[web-static.archive.org/_static/images/toolbar/wayback-toolbar-logo-200.png]
[wiki.archiveteam.org/images/e/e6/Archiveteam.jpg]
[web-static.archive.org/_static/images/loading.gif]
[web.archive.org/web/20240802173111im_/http_/www.funintec.org.ar/_dev/wp-content/uploads/cabefuturosvid.jpg]
[web.archive.org/web/20240329230824js_/https_/www.funintec.org.ar/_dev/wp-includes/js/dist/vendor/wp-polyfill-inert.min0226.js]
[web.archive.org/web/20240329230831js_/http_/www.funintec.org.ar/_dev/wp-includes/js/dist/vendor/regenerator-runtime.min6c85.js]
[web.archive.org/web/20240329230809js_/http_/www.funintec.org.ar/_dev/wp-includes/js/dist/vendor/wp-polyfill.min2c7c.js]
[web.archive.org/web/20240723080054js_/https_/www.funintec.org.ar/_dev/wp-includes/js/dist/hooks.min2757.js]
[web.archive.org/web/20240723043036js_/https_/www.funintec.org.ar/_dev/wp-includes/js/dist/i18n.minc33c.js]
[web.archive.org/web/20240723050855js_/https_/www.funintec.org.ar/_dev/wp-content/plugins/contact-form-7/includes/swv/js/index1014.js]
[web.archive.org/web/20240723051527js_/https_/www.funintec.org.ar/_dev/wp-content/plugins/contact-form-7/includes/js/index1014.js]
[web.archive.org/web/20240329230811js_/https_/www.funintec.org.ar/_dev/wp-includes/js/jquery/jquery.minf43b.js]
[web.archive.org/web/20240314170433js_/https_/www.funintec.org.ar/_dev/wp-includes/js/jquery/jquery-migrate.min5589.js]
[web.archive.org/web/20240314170440js_/https_/www.funintec.org.ar/_dev/wp-includes/js/jquery/ui/effect.min3f14.js]
[web.archive.org/web/20240723060022js_/https_/www.funintec.org.ar/_dev/wp-content/themes/Divi/js/scripts.minef2c.js]
[web.archive.org/web/20240723230202js_/https_/www.funintec.org.ar/_dev/wp-content/themes/Divi/js/smoothscrollef2c.js]
[web.archive.org/web/20240723080751js_/https_/www.funintec.org.ar/_dev/wp-content/themes/Divi/core/admin/js/commonef2c.js]
[web.archive.org/web/20250329183553js_/https_/www.google.com/recaptcha/apiccc9.js]
[web.archive.org/web/20240723054008js_/https_/www.funintec.org.ar/_dev/wp-content/plugins/contact-form-7/modules/recaptcha/index1014.js]
[web.archive.org/web/20240314170411im_/https_/www.funintec.org.ar/_dev/wp-content/uploads/futuros-alterados-trama.png]
[web.archive.org/web/20240723040931/https_/www.funintec.org.ar/programa-futuros/index.html]
[athena.archive.org/0.gif]
[archive.org/includes/athena.js]
[web-static.archive.org/_static/css/banner-styles074f.css]
[web-static.archive.org/_static/css/iconochive29a7.css]
[web.archive.org/web/20240723090844cs_/https_/www.funintec.org.ar/_dev/wp-content/plugins/contact-form-7/includes/css/styles1014.css]
[web.archive.org/web/20240508221225im_/https_/www.funintec.org.ar/_dev/wp-content/plugins/public/assets/images/ajax-loader.gif]
[web.archive.org/web/20240702210707cs_/https_/www.funintec.org.ar/_dev/wp-content/plugins/public/assets/css/settingsb12b.css]
[web.archive.org/web/20240329230841cs_/http_/www.funintec.org.ar/_dev/wp-content/plugins/public/assets/font/fontello/css/fontellob12b.css]
[web.archive.org/web/20240329230806cs_/https_/www.funintec.org.ar/_dev/wp-content/plugins/novashare/css/style.min5f04.css]
[web.archive.org/web/20240723040931/https_/www.funintec.org.ar/_dev/wp-content/et-cache/440/et-divi-dynamic-tb-6473-440-late3862.html]
[web.archive.org/web/20240723040931/https_/www.funintec.org.ar/_dev/wp-content/et-cache/440/et-divi-dynamic-tb-6473-4403862.html]
[web.archive.org/web/20240723193659cs_/https_/www.funintec.org.ar/_dev/wp-content/themes/Divi-Space-Child/styleef2c.css]
[web.archive.org/web/20240723053954cs_/https_/www.funintec.org.ar/_dev/wp-content/et-cache/global/et-divi-customizer-global.min743a.css]
